// This file was automatically generated from a YAML representation.
package mypkg;
dialect "java";
import java.lang.Number;
import java.lang.Long;
rule "R1"
when
  $p : Person(age >= 18)
then
System.out.println("Hello World from YAML!");
end
