---
name: mypkg
dialect: java
imports:
- java.lang.Number
- java.lang.Long
rules:
- name: R1
  when:
  - given: Person
    as: $p
    having:
    - age >= 18
  then: |
    System.out.println("Hello World from DRL!");
